// Jest Snapshot v1, https://goo.gl/fbAQLP

exports[`BHeader matches the snapshot 1`] = `
<div>
  <header
    class="MuiStack-root css-14e3gqt-MuiStack-root"
  >
    <div
      class="MuiBox-root css-k008qs"
    >
      <button
        class="MuiButtonBase-root MuiButton-root MuiButton-outlined MuiButton-outlinedPrimary MuiButton-sizeMedium MuiButton-outlinedSizeMedium MuiButton-root MuiButton-outlined MuiButton-outlinedPrimary MuiButton-sizeMedium MuiButton-outlinedSizeMedium css-tes3bw-MuiButtonBase-root-MuiButton-root"
        tabindex="0"
        type="button"
      >
        Sair
        <span
          class="MuiTouchRipple-root css-8je8zh-MuiTouchRipple-root"
        />
      </button>
      <p
        class="MuiTypography-root MuiTypography-body1 css-1pezyni-MuiTypography-root"
      >
        Fializar Sess√£o
      </p>
    </div>
    <button
      aria-label="Open navigation"
      class="MuiButtonBase-root MuiIconButton-root MuiIconButton-sizeMedium css-wxlioq-MuiButtonBase-root-MuiIconButton-root"
      tabindex="0"
      type="button"
    >
      <svg
        aria-hidden="true"
        class="MuiSvgIcon-root MuiSvgIcon-fontSizeMedium css-1tp5iyz-MuiSvgIcon-root"
        data-testid="MenuIcon"
        focusable="false"
        viewBox="0 0 24 24"
      >
        <path
          d="M3 18h18v-2H3v2zm0-5h18v-2H3v2zm0-7v2h18V6H3z"
        />
      </svg>
      <span
        class="MuiTouchRipple-root css-8je8zh-MuiTouchRipple-root"
      />
    </button>
    <div
      class="MuiStack-root css-wwyfu-MuiStack-root"
    >
      <div
        class="MuiBox-root css-0"
        style="align-items: center; display: flex; cursor: pointer;"
      >
        <div
          class="MuiAvatar-root MuiAvatar-circular css-8v8enj-MuiAvatar-root"
          data-testid="BAvatar"
        >
          <img
            alt=""
            class="MuiAvatar-img css-1pqm26d-MuiAvatar-img"
            src="/icons/profile.svg"
          />
        </div>
      </div>
    </div>
  </header>
</div>
`;
