// Jest Snapshot v1, https://goo.gl/fbAQLP

exports[`HeaderList matches the snapshot 1`] = `
<div>
  <div
    class="MuiBox-root css-1hfnxps"
  >
    <div
      class="MuiBox-root css-1bvhw10"
    >
      <div
        class="MuiBox-root css-70qvj9"
      >
        <svg
          aria-hidden="true"
          class="MuiSvgIcon-root MuiSvgIcon-fontSizeMedium material-icons notranslate MuiIcon-root MuiIcon-fontSizeMedium css-pwpa85-MuiSvgIcon-root-MuiIcon-root"
          data-testid="AutoStoriesIcon"
          focusable="false"
          viewBox="0 0 24 24"
        >
          <path
            d="m19 1-5 5v11l5-4.5V1zM1 6v14.65c0 .25.25.5.5.5.1 0 .15-.05.25-.05C3.1 20.45 5.05 20 6.5 20c1.95 0 4.05.4 5.5 1.5V6c-1.45-1.1-3.55-1.5-5.5-1.5S2.45 4.9 1 6zm22 13.5V6c-.6-.45-1.25-.75-2-1v13.5c-1.1-.35-2.3-.5-3.5-.5-1.7 0-4.15.65-5.5 1.5v2c1.35-.85 3.8-1.5 5.5-1.5 1.65 0 3.35.3 4.75 1.05.1.05.15.05.25.05.25 0 .5-.25.5-.5v-1.1z"
          />
        </svg>
        <h1
          class="MuiTypography-root MuiTypography-h1 css-1yqseqj-MuiTypography-root"
        >
          Header Title
        </h1>
      </div>
    </div>
    <div
      class="MuiFormControl-root MuiTextField-root css-nl8vqx-MuiFormControl-root-MuiTextField-root"
    >
      <div
        class="MuiInputBase-root MuiOutlinedInput-root MuiInputBase-colorPrimary MuiInputBase-formControl css-9ddj71-MuiInputBase-root-MuiOutlinedInput-root"
      >
        <input
          aria-invalid="false"
          class="MuiInputBase-input MuiOutlinedInput-input css-1t8l2tu-MuiInputBase-input-MuiOutlinedInput-input"
          id=":r0:"
          placeholder="Search Placeholder"
          type="text"
          value="Search Value"
        />
        <fieldset
          aria-hidden="true"
          class="MuiOutlinedInput-notchedOutline css-1d3z3hw-MuiOutlinedInput-notchedOutline"
        >
          <legend
            class="css-ihdtdm"
          >
            <span
              class="notranslate"
            >
              â€‹
            </span>
          </legend>
        </fieldset>
      </div>
    </div>
  </div>
</div>
`;
